Archive member included to satisfy reference by file (symbol)

c:/program files/microchip/xc8/v2.31/avr/bin/../lib/gcc/avr/5.4.0/../../../../avr/lib/avr5/memx-const\libm.a(addsf3.o)
                              main.o (__subsf3)
c:/program files/microchip/xc8/v2.31/avr/bin/../lib/gcc/avr/5.4.0/../../../../avr/lib/avr5/memx-const\libm.a(addsf3x.o)
                              c:/program files/microchip/xc8/v2.31/avr/bin/../lib/gcc/avr/5.4.0/../../../../avr/lib/avr5/memx-const\libm.a(addsf3.o) (__addsf3x)
c:/program files/microchip/xc8/v2.31/avr/bin/../lib/gcc/avr/5.4.0/../../../../avr/lib/avr5/memx-const\libm.a(cmpsf2.o)
                              main.o (__lesf2)
c:/program files/microchip/xc8/v2.31/avr/bin/../lib/gcc/avr/5.4.0/../../../../avr/lib/avr5/memx-const\libm.a(fixunssfsi.o)
                              main.o (__fixunssfsi)
c:/program files/microchip/xc8/v2.31/avr/bin/../lib/gcc/avr/5.4.0/../../../../avr/lib/avr5/memx-const\libm.a(floatsisf.o)
                              code Layers/HAL/ULTRASONIC/ultrasonic.o (__floatunsisf)
c:/program files/microchip/xc8/v2.31/avr/bin/../lib/gcc/avr/5.4.0/../../../../avr/lib/avr5/memx-const\libm.a(fp_cmp.o)
                              c:/program files/microchip/xc8/v2.31/avr/bin/../lib/gcc/avr/5.4.0/../../../../avr/lib/avr5/memx-const\libm.a(cmpsf2.o) (__fp_cmp)
c:/program files/microchip/xc8/v2.31/avr/bin/../lib/gcc/avr/5.4.0/../../../../avr/lib/avr5/memx-const\libm.a(fp_inf.o)
                              c:/program files/microchip/xc8/v2.31/avr/bin/../lib/gcc/avr/5.4.0/../../../../avr/lib/avr5/memx-const\libm.a(addsf3x.o) (__fp_inf)
c:/program files/microchip/xc8/v2.31/avr/bin/../lib/gcc/avr/5.4.0/../../../../avr/lib/avr5/memx-const\libm.a(fp_nan.o)
                              c:/program files/microchip/xc8/v2.31/avr/bin/../lib/gcc/avr/5.4.0/../../../../avr/lib/avr5/memx-const\libm.a(addsf3x.o) (__fp_nan)
c:/program files/microchip/xc8/v2.31/avr/bin/../lib/gcc/avr/5.4.0/../../../../avr/lib/avr5/memx-const\libm.a(fp_pscA.o)
                              c:/program files/microchip/xc8/v2.31/avr/bin/../lib/gcc/avr/5.4.0/../../../../avr/lib/avr5/memx-const\libm.a(addsf3x.o) (__fp_pscA)
c:/program files/microchip/xc8/v2.31/avr/bin/../lib/gcc/avr/5.4.0/../../../../avr/lib/avr5/memx-const\libm.a(fp_pscB.o)
                              c:/program files/microchip/xc8/v2.31/avr/bin/../lib/gcc/avr/5.4.0/../../../../avr/lib/avr5/memx-const\libm.a(addsf3x.o) (__fp_pscB)
c:/program files/microchip/xc8/v2.31/avr/bin/../lib/gcc/avr/5.4.0/../../../../avr/lib/avr5/memx-const\libm.a(fp_round.o)
                              c:/program files/microchip/xc8/v2.31/avr/bin/../lib/gcc/avr/5.4.0/../../../../avr/lib/avr5/memx-const\libm.a(addsf3.o) (__fp_round)
c:/program files/microchip/xc8/v2.31/avr/bin/../lib/gcc/avr/5.4.0/../../../../avr/lib/avr5/memx-const\libm.a(fp_split3.o)
                              c:/program files/microchip/xc8/v2.31/avr/bin/../lib/gcc/avr/5.4.0/../../../../avr/lib/avr5/memx-const\libm.a(addsf3x.o) (__fp_split3)
c:/program files/microchip/xc8/v2.31/avr/bin/../lib/gcc/avr/5.4.0/../../../../avr/lib/avr5/memx-const\libm.a(fp_zero.o)
                              c:/program files/microchip/xc8/v2.31/avr/bin/../lib/gcc/avr/5.4.0/../../../../avr/lib/avr5/memx-const\libm.a(addsf3x.o) (__fp_zero)
c:/program files/microchip/xc8/v2.31/avr/bin/../lib/gcc/avr/5.4.0/../../../../avr/lib/avr5/memx-const\libm.a(gesf2.o)
                              main.o (__gesf2)
c:/program files/microchip/xc8/v2.31/avr/bin/../lib/gcc/avr/5.4.0/../../../../avr/lib/avr5/memx-const\libm.a(mulsf3.o)
                              main.o (__mulsf3)
c:/program files/microchip/xc8/v2.31/avr/bin/../lib/gcc/avr/5.4.0/../../../../avr/lib/avr5/memx-const\libm.a(mulsf3x.o)
                              c:/program files/microchip/xc8/v2.31/avr/bin/../lib/gcc/avr/5.4.0/../../../../avr/lib/avr5/memx-const\libm.a(mulsf3.o) (__mulsf3x)
c:/program files/microchip/xc8/v2.31/avr/bin/../lib/gcc/avr/5.4.0/avr5/memx-const\libgcc.a(_udivmodsi4.o)
                              code Layers/HAL/ULTRASONIC/ultrasonic.o (__udivmodsi4)
c:/program files/microchip/xc8/v2.31/avr/bin/../lib/gcc/avr/5.4.0/avr5/memx-const\libgcc.a(_exit.o)
                              C:/Program Files (x86)/Atmel/Studio/7.0/Packs/atmel/ATmega_DFP/1.6.364/xc8/avr/lib/avr5/memx-const/crtatmega32.o (exit)
c:/program files/microchip/xc8/v2.31/avr/bin/../lib/gcc/avr/5.4.0/avr5/memx-const\libgcc.a(_copy_data.o)
                              main.o (__do_copy_data)
c:/program files/microchip/xc8/v2.31/avr/bin/../lib/gcc/avr/5.4.0/avr5/memx-const\libgcc.a(_umulhisi3.o)
                              code Layers/MCAL/ADC/ADC_program.o (__umulhisi3)

Allocating common symbols
Common symbol       size              file

distance            0x4               code Layers/HAL/ULTRASONIC/ultrasonic.o
distance_str        0xa               code Layers/HAL/ULTRASONIC/ultrasonic.o
check_distance      0x4               code Layers/HAL/ULTRASONIC/ultrasonic.o

Discarded input sections

 .data          0x0000000000000000        0x0 C:/Program Files (x86)/Atmel/Studio/7.0/Packs/atmel/ATmega_DFP/1.6.364/xc8/avr/lib/avr5/memx-const/crtatmega32.o
 .bss           0x0000000000000000        0x0 C:/Program Files (x86)/Atmel/Studio/7.0/Packs/atmel/ATmega_DFP/1.6.364/xc8/avr/lib/avr5/memx-const/crtatmega32.o
 .text          0x0000000000000000        0x0 code Layers/HAL/DC_Motor/DC_MOTOR_program.o
 .data          0x0000000000000000        0x0 code Layers/HAL/DC_Motor/DC_MOTOR_program.o
 .bss           0x0000000000000000        0x0 code Layers/HAL/DC_Motor/DC_MOTOR_program.o
 .text.DC_motor_backward
                0x0000000000000000       0x3e code Layers/HAL/DC_Motor/DC_MOTOR_program.o
 .text.DC_motor_revese
                0x0000000000000000       0x40 code Layers/HAL/DC_Motor/DC_MOTOR_program.o
 .text          0x0000000000000000        0x0 code Layers/HAL/LCD/LCD.o
 .data          0x0000000000000000        0x0 code Layers/HAL/LCD/LCD.o
 .bss           0x0000000000000000        0x0 code Layers/HAL/LCD/LCD.o
 .text.lcd_write_character
                0x0000000000000000       0x60 code Layers/HAL/LCD/LCD.o
 .text.lcd_write_word
                0x0000000000000000       0x2c code Layers/HAL/LCD/LCD.o
 .text.lcd_clear
                0x0000000000000000       0x14 code Layers/HAL/LCD/LCD.o
 .text.lcd_goto_xy
                0x0000000000000000       0x1a code Layers/HAL/LCD/LCD.o
 .text          0x0000000000000000        0x0 code Layers/HAL/LED/LED_program.o
 .data          0x0000000000000000        0x0 code Layers/HAL/LED/LED_program.o
 .bss           0x0000000000000000        0x0 code Layers/HAL/LED/LED_program.o
 .text.Led_Toggle
                0x0000000000000000       0x2c code Layers/HAL/LED/LED_program.o
 .text          0x0000000000000000        0x0 code Layers/HAL/servo/servo.o
 .data          0x0000000000000000        0x0 code Layers/HAL/servo/servo.o
 .bss           0x0000000000000000        0x0 code Layers/HAL/servo/servo.o
 .text          0x0000000000000000        0x0 code Layers/HAL/ULTRASONIC/ultrasonic.o
 .data          0x0000000000000000        0x0 code Layers/HAL/ULTRASONIC/ultrasonic.o
 .bss           0x0000000000000000        0x0 code Layers/HAL/ULTRASONIC/ultrasonic.o
 .text          0x0000000000000000        0x0 code Layers/MCAL/ADC-t/MADC_program.o
 .data          0x0000000000000000        0x0 code Layers/MCAL/ADC-t/MADC_program.o
 .bss           0x0000000000000000        0x0 code Layers/MCAL/ADC-t/MADC_program.o
 .text.MADC_voidStartConersion
                0x0000000000000000        0x8 code Layers/MCAL/ADC-t/MADC_program.o
 .text.MADC_voidInitializeADC
                0x0000000000000000       0x26 code Layers/MCAL/ADC-t/MADC_program.o
 .text.MADC_u32GetAnalogValueSynch
                0x0000000000000000       0x78 code Layers/MCAL/ADC-t/MADC_program.o
 .debug_info    0x0000000000000000      0x368 code Layers/MCAL/ADC-t/MADC_program.o
 .debug_abbrev  0x0000000000000000       0xa8 code Layers/MCAL/ADC-t/MADC_program.o
 .debug_loc     0x0000000000000000       0x69 code Layers/MCAL/ADC-t/MADC_program.o
 .debug_aranges
                0x0000000000000000       0x30 code Layers/MCAL/ADC-t/MADC_program.o
 .debug_ranges  0x0000000000000000       0x20 code Layers/MCAL/ADC-t/MADC_program.o
 .debug_line    0x0000000000000000       0xf0 code Layers/MCAL/ADC-t/MADC_program.o
 .debug_str     0x0000000000000000        0x0 code Layers/MCAL/ADC-t/MADC_program.o
 .comment       0x0000000000000000       0x30 code Layers/MCAL/ADC-t/MADC_program.o
 .debug_frame   0x0000000000000000       0x54 code Layers/MCAL/ADC-t/MADC_program.o
 .text          0x0000000000000000        0x0 code Layers/MCAL/ADC/ADC_program.o
 .data          0x0000000000000000        0x0 code Layers/MCAL/ADC/ADC_program.o
 .bss           0x0000000000000000        0x0 code Layers/MCAL/ADC/ADC_program.o
 .text.ADC_start_Conversion
                0x0000000000000000        0x8 code Layers/MCAL/ADC/ADC_program.o
 .text.ADC_intialize
                0x0000000000000000       0x28 code Layers/MCAL/ADC/ADC_program.o
 .text.ADC_Get_Analog_Value
                0x0000000000000000       0x84 code Layers/MCAL/ADC/ADC_program.o
 .debug_info    0x0000000000000000      0x34d code Layers/MCAL/ADC/ADC_program.o
 .debug_abbrev  0x0000000000000000       0xa8 code Layers/MCAL/ADC/ADC_program.o
 .debug_loc     0x0000000000000000       0x69 code Layers/MCAL/ADC/ADC_program.o
 .debug_aranges
                0x0000000000000000       0x30 code Layers/MCAL/ADC/ADC_program.o
 .debug_ranges  0x0000000000000000       0x20 code Layers/MCAL/ADC/ADC_program.o
 .debug_line    0x0000000000000000      0x121 code Layers/MCAL/ADC/ADC_program.o
 .debug_str     0x0000000000000000        0x0 code Layers/MCAL/ADC/ADC_program.o
 .comment       0x0000000000000000       0x30 code Layers/MCAL/ADC/ADC_program.o
 .debug_frame   0x0000000000000000       0x54 code Layers/MCAL/ADC/ADC_program.o
 .text          0x0000000000000000        0x0 code Layers/MCAL/GPIO/GPIO_program.o
 .data          0x0000000000000000        0x0 code Layers/MCAL/GPIO/GPIO_program.o
 .bss           0x0000000000000000        0x0 code Layers/MCAL/GPIO/GPIO_program.o
 .text.SetPortDirection
                0x0000000000000000       0x54 code Layers/MCAL/GPIO/GPIO_program.o
 .text.SetPinValue
                0x0000000000000000       0xec code Layers/MCAL/GPIO/GPIO_program.o
 .text.GetPinValue
                0x0000000000000000       0x6c code Layers/MCAL/GPIO/GPIO_program.o
 .text.SetPortValue
                0x0000000000000000       0x24 code Layers/MCAL/GPIO/GPIO_program.o
 .text.TogglePin
                0x0000000000000000       0x70 code Layers/MCAL/GPIO/GPIO_program.o
 .text          0x0000000000000000        0x0 code Layers/MCAL/PWM/PWM_program.o
 .data          0x0000000000000000        0x0 code Layers/MCAL/PWM/PWM_program.o
 .bss           0x0000000000000000        0x0 code Layers/MCAL/PWM/PWM_program.o
 .text.PWM_Timer0_INIT
                0x0000000000000000       0x38 code Layers/MCAL/PWM/PWM_program.o
 .text.PWM_Timer0_Analog_write
                0x0000000000000000        0x4 code Layers/MCAL/PWM/PWM_program.o
 .text          0x0000000000000000        0x0 code Layers/MCAL/SPI/SPI_program.o
 .data          0x0000000000000000        0x0 code Layers/MCAL/SPI/SPI_program.o
 .bss           0x0000000000000000        0x0 code Layers/MCAL/SPI/SPI_program.o
 .text          0x0000000000000000        0x0 code Layers/MCAL/timer0/timer.o
 .data          0x0000000000000000        0x0 code Layers/MCAL/timer0/timer.o
 .bss           0x0000000000000000        0x0 code Layers/MCAL/timer0/timer.o
 .text          0x0000000000000000        0x0 main.o
 .data          0x0000000000000000        0x0 main.o
 .bss           0x0000000000000000        0x0 main.o
 .text          0x0000000000000000        0x0 c:/program files/microchip/xc8/v2.31/avr/bin/../lib/gcc/avr/5.4.0/../../../../avr/lib/avr5/memx-const\libm.a(addsf3.o)
 .data          0x0000000000000000        0x0 c:/program files/microchip/xc8/v2.31/avr/bin/../lib/gcc/avr/5.4.0/../../../../avr/lib/avr5/memx-const\libm.a(addsf3.o)
 .bss           0x0000000000000000        0x0 c:/program files/microchip/xc8/v2.31/avr/bin/../lib/gcc/avr/5.4.0/../../../../avr/lib/avr5/memx-const\libm.a(addsf3.o)
 .text          0x0000000000000000        0x0 c:/program files/microchip/xc8/v2.31/avr/bin/../lib/gcc/avr/5.4.0/../../../../avr/lib/avr5/memx-const\libm.a(addsf3x.o)
 .data          0x0000000000000000        0x0 c:/program files/microchip/xc8/v2.31/avr/bin/../lib/gcc/avr/5.4.0/../../../../avr/lib/avr5/memx-const\libm.a(addsf3x.o)
 .bss           0x0000000000000000        0x0 c:/program files/microchip/xc8/v2.31/avr/bin/../lib/gcc/avr/5.4.0/../../../../avr/lib/avr5/memx-const\libm.a(addsf3x.o)
 .text          0x0000000000000000        0x0 c:/program files/microchip/xc8/v2.31/avr/bin/../lib/gcc/avr/5.4.0/../../../../avr/lib/avr5/memx-const\libm.a(cmpsf2.o)
 .data          0x0000000000000000        0x0 c:/program files/microchip/xc8/v2.31/avr/bin/../lib/gcc/avr/5.4.0/../../../../avr/lib/avr5/memx-const\libm.a(cmpsf2.o)
 .bss           0x0000000000000000        0x0 c:/program files/microchip/xc8/v2.31/avr/bin/../lib/gcc/avr/5.4.0/../../../../avr/lib/avr5/memx-const\libm.a(cmpsf2.o)
 .text          0x0000000000000000        0x0 c:/program files/microchip/xc8/v2.31/avr/bin/../lib/gcc/avr/5.4.0/../../../../avr/lib/avr5/memx-const\libm.a(fixunssfsi.o)
 .data          0x0000000000000000        0x0 c:/program files/microchip/xc8/v2.31/avr/bin/../lib/gcc/avr/5.4.0/../../../../avr/lib/avr5/memx-const\libm.a(fixunssfsi.o)
 .bss           0x0000000000000000        0x0 c:/program files/microchip/xc8/v2.31/avr/bin/../lib/gcc/avr/5.4.0/../../../../avr/lib/avr5/memx-const\libm.a(fixunssfsi.o)
 .text          0x0000000000000000        0x0 c:/program files/microchip/xc8/v2.31/avr/bin/../lib/gcc/avr/5.4.0/../../../../avr/lib/avr5/memx-const\libm.a(floatsisf.o)
 .data          0x0000000000000000        0x0 c:/program files/microchip/xc8/v2.31/avr/bin/../lib/gcc/avr/5.4.0/../../../../avr/lib/avr5/memx-const\libm.a(floatsisf.o)
 .bss           0x0000000000000000        0x0 c:/program files/microchip/xc8/v2.31/avr/bin/../lib/gcc/avr/5.4.0/../../../../avr/lib/avr5/memx-const\libm.a(floatsisf.o)
 .text          0x0000000000000000        0x0 c:/program files/microchip/xc8/v2.31/avr/bin/../lib/gcc/avr/5.4.0/../../../../avr/lib/avr5/memx-const\libm.a(fp_cmp.o)
 .data          0x0000000000000000        0x0 c:/program files/microchip/xc8/v2.31/avr/bin/../lib/gcc/avr/5.4.0/../../../../avr/lib/avr5/memx-const\libm.a(fp_cmp.o)
 .bss           0x0000000000000000        0x0 c:/program files/microchip/xc8/v2.31/avr/bin/../lib/gcc/avr/5.4.0/../../../../avr/lib/avr5/memx-const\libm.a(fp_cmp.o)
 .text          0x0000000000000000        0x0 c:/program files/microchip/xc8/v2.31/avr/bin/../lib/gcc/avr/5.4.0/../../../../avr/lib/avr5/memx-const\libm.a(fp_inf.o)
 .data          0x0000000000000000        0x0 c:/program files/microchip/xc8/v2.31/avr/bin/../lib/gcc/avr/5.4.0/../../../../avr/lib/avr5/memx-const\libm.a(fp_inf.o)
 .bss           0x0000000000000000        0x0 c:/program files/microchip/xc8/v2.31/avr/bin/../lib/gcc/avr/5.4.0/../../../../avr/lib/avr5/memx-const\libm.a(fp_inf.o)
 .text          0x0000000000000000        0x0 c:/program files/microchip/xc8/v2.31/avr/bin/../lib/gcc/avr/5.4.0/../../../../avr/lib/avr5/memx-const\libm.a(fp_nan.o)
 .data          0x0000000000000000        0x0 c:/program files/microchip/xc8/v2.31/avr/bin/../lib/gcc/avr/5.4.0/../../../../avr/lib/avr5/memx-const\libm.a(fp_nan.o)
 .bss           0x0000000000000000        0x0 c:/program files/microchip/xc8/v2.31/avr/bin/../lib/gcc/avr/5.4.0/../../../../avr/lib/avr5/memx-const\libm.a(fp_nan.o)
 .text          0x0000000000000000        0x0 c:/program files/microchip/xc8/v2.31/avr/bin/../lib/gcc/avr/5.4.0/../../../../avr/lib/avr5/memx-const\libm.a(fp_pscA.o)
 .data          0x0000000000000000        0x0 c:/program files/microchip/xc8/v2.31/avr/bin/../lib/gcc/avr/5.4.0/../../../../avr/lib/avr5/memx-const\libm.a(fp_pscA.o)
 .bss           0x0000000000000000        0x0 c:/program files/microchip/xc8/v2.31/avr/bin/../lib/gcc/avr/5.4.0/../../../../avr/lib/avr5/memx-const\libm.a(fp_pscA.o)
 .text          0x0000000000000000        0x0 c:/program files/microchip/xc8/v2.31/avr/bin/../lib/gcc/avr/5.4.0/../../../../avr/lib/avr5/memx-const\libm.a(fp_pscB.o)
 .data          0x0000000000000000        0x0 c:/program files/microchip/xc8/v2.31/avr/bin/../lib/gcc/avr/5.4.0/../../../../avr/lib/avr5/memx-const\libm.a(fp_pscB.o)
 .bss           0x0000000000000000        0x0 c:/program files/microchip/xc8/v2.31/avr/bin/../lib/gcc/avr/5.4.0/../../../../avr/lib/avr5/memx-const\libm.a(fp_pscB.o)
 .text          0x0000000000000000        0x0 c:/program files/microchip/xc8/v2.31/avr/bin/../lib/gcc/avr/5.4.0/../../../../avr/lib/avr5/memx-const\libm.a(fp_round.o)
 .data          0x0000000000000000        0x0 c:/program files/microchip/xc8/v2.31/avr/bin/../lib/gcc/avr/5.4.0/../../../../avr/lib/avr5/memx-const\libm.a(fp_round.o)
 .bss           0x0000000000000000        0x0 c:/program files/microchip/xc8/v2.31/avr/bin/../lib/gcc/avr/5.4.0/../../../../avr/lib/avr5/memx-const\libm.a(fp_round.o)
 .text          0x0000000000000000        0x0 c:/program files/microchip/xc8/v2.31/avr/bin/../lib/gcc/avr/5.4.0/../../../../avr/lib/avr5/memx-const\libm.a(fp_split3.o)
 .data          0x0000000000000000        0x0 c:/program files/microchip/xc8/v2.31/avr/bin/../lib/gcc/avr/5.4.0/../../../../avr/lib/avr5/memx-const\libm.a(fp_split3.o)
 .bss           0x0000000000000000        0x0 c:/program files/microchip/xc8/v2.31/avr/bin/../lib/gcc/avr/5.4.0/../../../../avr/lib/avr5/memx-const\libm.a(fp_split3.o)
 .text          0x0000000000000000        0x0 c:/program files/microchip/xc8/v2.31/avr/bin/../lib/gcc/avr/5.4.0/../../../../avr/lib/avr5/memx-const\libm.a(fp_zero.o)
 .data          0x0000000000000000        0x0 c:/program files/microchip/xc8/v2.31/avr/bin/../lib/gcc/avr/5.4.0/../../../../avr/lib/avr5/memx-const\libm.a(fp_zero.o)
 .bss           0x0000000000000000        0x0 c:/program files/microchip/xc8/v2.31/avr/bin/../lib/gcc/avr/5.4.0/../../../../avr/lib/avr5/memx-const\libm.a(fp_zero.o)
 .text          0x0000000000000000        0x0 c:/program files/microchip/xc8/v2.31/avr/bin/../lib/gcc/avr/5.4.0/../../../../avr/lib/avr5/memx-const\libm.a(gesf2.o)
 .data          0x0000000000000000        0x0 c:/program files/microchip/xc8/v2.31/avr/bin/../lib/gcc/avr/5.4.0/../../../../avr/lib/avr5/memx-const\libm.a(gesf2.o)
 .bss           0x0000000000000000        0x0 c:/program files/microchip/xc8/v2.31/avr/bin/../lib/gcc/avr/5.4.0/../../../../avr/lib/avr5/memx-const\libm.a(gesf2.o)
 .text          0x0000000000000000        0x0 c:/program files/microchip/xc8/v2.31/avr/bin/../lib/gcc/avr/5.4.0/../../../../avr/lib/avr5/memx-const\libm.a(mulsf3.o)
 .data          0x0000000000000000        0x0 c:/program files/microchip/xc8/v2.31/avr/bin/../lib/gcc/avr/5.4.0/../../../../avr/lib/avr5/memx-const\libm.a(mulsf3.o)
 .bss           0x0000000000000000        0x0 c:/program files/microchip/xc8/v2.31/avr/bin/../lib/gcc/avr/5.4.0/../../../../avr/lib/avr5/memx-const\libm.a(mulsf3.o)
 .text          0x0000000000000000        0x0 c:/program files/microchip/xc8/v2.31/avr/bin/../lib/gcc/avr/5.4.0/../../../../avr/lib/avr5/memx-const\libm.a(mulsf3x.o)
 .data          0x0000000000000000        0x0 c:/program files/microchip/xc8/v2.31/avr/bin/../lib/gcc/avr/5.4.0/../../../../avr/lib/avr5/memx-const\libm.a(mulsf3x.o)
 .bss           0x0000000000000000        0x0 c:/program files/microchip/xc8/v2.31/avr/bin/../lib/gcc/avr/5.4.0/../../../../avr/lib/avr5/memx-const\libm.a(mulsf3x.o)
 .text          0x0000000000000000        0x0 c:/program files/microchip/xc8/v2.31/avr/bin/../lib/gcc/avr/5.4.0/avr5/memx-const\libgcc.a(_udivmodsi4.o)
 .data          0x0000000000000000        0x0 c:/program files/microchip/xc8/v2.31/avr/bin/../lib/gcc/avr/5.4.0/avr5/memx-const\libgcc.a(_udivmodsi4.o)
 .bss           0x0000000000000000        0x0 c:/program files/microchip/xc8/v2.31/avr/bin/../lib/gcc/avr/5.4.0/avr5/memx-const\libgcc.a(_udivmodsi4.o)
 .text.libgcc.mul
                0x0000000000000000        0x0 c:/program files/microchip/xc8/v2.31/avr/bin/../lib/gcc/avr/5.4.0/avr5/memx-const\libgcc.a(_udivmodsi4.o)
 .text.libgcc   0x0000000000000000        0x0 c:/program files/microchip/xc8/v2.31/avr/bin/../lib/gcc/avr/5.4.0/avr5/memx-const\libgcc.a(_udivmodsi4.o)
 .text.libgcc.prologue
                0x0000000000000000        0x0 c:/program files/microchip/xc8/v2.31/avr/bin/../lib/gcc/avr/5.4.0/avr5/memx-const\libgcc.a(_udivmodsi4.o)
 .text.libgcc.builtins
                0x0000000000000000        0x0 c:/program files/microchip/xc8/v2.31/avr/bin/../lib/gcc/avr/5.4.0/avr5/memx-const\libgcc.a(_udivmodsi4.o)
 .text.libgcc.fmul
                0x0000000000000000        0x0 c:/program files/microchip/xc8/v2.31/avr/bin/../lib/gcc/avr/5.4.0/avr5/memx-const\libgcc.a(_udivmodsi4.o)
 .text.libgcc.fixed
                0x0000000000000000        0x0 c:/program files/microchip/xc8/v2.31/avr/bin/../lib/gcc/avr/5.4.0/avr5/memx-const\libgcc.a(_udivmodsi4.o)
 .text          0x0000000000000000        0x0 c:/program files/microchip/xc8/v2.31/avr/bin/../lib/gcc/avr/5.4.0/avr5/memx-const\libgcc.a(_exit.o)
 .data          0x0000000000000000        0x0 c:/program files/microchip/xc8/v2.31/avr/bin/../lib/gcc/avr/5.4.0/avr5/memx-const\libgcc.a(_exit.o)
 .bss           0x0000000000000000        0x0 c:/program files/microchip/xc8/v2.31/avr/bin/../lib/gcc/avr/5.4.0/avr5/memx-const\libgcc.a(_exit.o)
 .text.libgcc.mul
                0x0000000000000000        0x0 c:/program files/microchip/xc8/v2.31/avr/bin/../lib/gcc/avr/5.4.0/avr5/memx-const\libgcc.a(_exit.o)
 .text.libgcc.div
                0x0000000000000000        0x0 c:/program files/microchip/xc8/v2.31/avr/bin/../lib/gcc/avr/5.4.0/avr5/memx-const\libgcc.a(_exit.o)
 .text.libgcc   0x0000000000000000        0x0 c:/program files/microchip/xc8/v2.31/avr/bin/../lib/gcc/avr/5.4.0/avr5/memx-const\libgcc.a(_exit.o)
 .text.libgcc.prologue
                0x0000000000000000        0x0 c:/program files/microchip/xc8/v2.31/avr/bin/../lib/gcc/avr/5.4.0/avr5/memx-const\libgcc.a(_exit.o)
 .text.libgcc.builtins
                0x0000000000000000        0x0 c:/program files/microchip/xc8/v2.31/avr/bin/../lib/gcc/avr/5.4.0/avr5/memx-const\libgcc.a(_exit.o)
 .text.libgcc.fmul
                0x0000000000000000        0x0 c:/program files/microchip/xc8/v2.31/avr/bin/../lib/gcc/avr/5.4.0/avr5/memx-const\libgcc.a(_exit.o)
 .text.libgcc.fixed
                0x0000000000000000        0x0 c:/program files/microchip/xc8/v2.31/avr/bin/../lib/gcc/avr/5.4.0/avr5/memx-const\libgcc.a(_exit.o)
 .text          0x0000000000000000        0x0 c:/program files/microchip/xc8/v2.31/avr/bin/../lib/gcc/avr/5.4.0/avr5/memx-const\libgcc.a(_copy_data.o)
 .data          0x0000000000000000        0x0 c:/program files/microchip/xc8/v2.31/avr/bin/../lib/gcc/avr/5.4.0/avr5/memx-const\libgcc.a(_copy_data.o)
 .bss           0x0000000000000000        0x0 c:/program files/microchip/xc8/v2.31/avr/bin/../lib/gcc/avr/5.4.0/avr5/memx-const\libgcc.a(_copy_data.o)
 .text.libgcc.mul
                0x0000000000000000        0x0 c:/program files/microchip/xc8/v2.31/avr/bin/../lib/gcc/avr/5.4.0/avr5/memx-const\libgcc.a(_copy_data.o)
 .text.libgcc.div
                0x0000000000000000        0x0 c:/program files/microchip/xc8/v2.31/avr/bin/../lib/gcc/avr/5.4.0/avr5/memx-const\libgcc.a(_copy_data.o)
 .text.libgcc   0x0000000000000000        0x0 c:/program files/microchip/xc8/v2.31/avr/bin/../lib/gcc/avr/5.4.0/avr5/memx-const\libgcc.a(_copy_data.o)
 .text.libgcc.prologue
                0x0000000000000000        0x0 c:/program files/microchip/xc8/v2.31/avr/bin/../lib/gcc/avr/5.4.0/avr5/memx-const\libgcc.a(_copy_data.o)
 .text.libgcc.builtins
                0x0000000000000000        0x0 c:/program files/microchip/xc8/v2.31/avr/bin/../lib/gcc/avr/5.4.0/avr5/memx-const\libgcc.a(_copy_data.o)
 .text.libgcc.fmul
                0x0000000000000000        0x0 c:/program files/microchip/xc8/v2.31/avr/bin/../lib/gcc/avr/5.4.0/avr5/memx-const\libgcc.a(_copy_data.o)
 .text.libgcc.fixed
                0x0000000000000000        0x0 c:/program files/microchip/xc8/v2.31/avr/bin/../lib/gcc/avr/5.4.0/avr5/memx-const\libgcc.a(_copy_data.o)
 .text          0x0000000000000000        0x0 c:/program files/microchip/xc8/v2.31/avr/bin/../lib/gcc/avr/5.4.0/avr5/memx-const\libgcc.a(_umulhisi3.o)
 .data          0x0000000000000000        0x0 c:/program files/microchip/xc8/v2.31/avr/bin/../lib/gcc/avr/5.4.0/avr5/memx-const\libgcc.a(_umulhisi3.o)
 .bss           0x0000000000000000        0x0 c:/program files/microchip/xc8/v2.31/avr/bin/../lib/gcc/avr/5.4.0/avr5/memx-const\libgcc.a(_umulhisi3.o)
 .text.libgcc.mul
                0x0000000000000000       0x1e c:/program files/microchip/xc8/v2.31/avr/bin/../lib/gcc/avr/5.4.0/avr5/memx-const\libgcc.a(_umulhisi3.o)
 .text.libgcc.div
                0x0000000000000000        0x0 c:/program files/microchip/xc8/v2.31/avr/bin/../lib/gcc/avr/5.4.0/avr5/memx-const\libgcc.a(_umulhisi3.o)
 .text.libgcc   0x0000000000000000        0x0 c:/program files/microchip/xc8/v2.31/avr/bin/../lib/gcc/avr/5.4.0/avr5/memx-const\libgcc.a(_umulhisi3.o)
 .text.libgcc.prologue
                0x0000000000000000        0x0 c:/program files/microchip/xc8/v2.31/avr/bin/../lib/gcc/avr/5.4.0/avr5/memx-const\libgcc.a(_umulhisi3.o)
 .text.libgcc.builtins
                0x0000000000000000        0x0 c:/program files/microchip/xc8/v2.31/avr/bin/../lib/gcc/avr/5.4.0/avr5/memx-const\libgcc.a(_umulhisi3.o)
 .text.libgcc.fmul
                0x0000000000000000        0x0 c:/program files/microchip/xc8/v2.31/avr/bin/../lib/gcc/avr/5.4.0/avr5/memx-const\libgcc.a(_umulhisi3.o)
 .text.libgcc.fixed
                0x0000000000000000        0x0 c:/program files/microchip/xc8/v2.31/avr/bin/../lib/gcc/avr/5.4.0/avr5/memx-const\libgcc.a(_umulhisi3.o)

Memory Configuration

Name             Origin             Length             Attributes
text             0x0000000000000000 0x0000000000008000 xr
data             0x0000000000800060 0x0000000000000800 rw !x
eeprom           0x0000000000810000 0x0000000000000400 rw !x
fuse             0x0000000000820000 0x0000000000000002 rw !x
lock             0x0000000000830000 0x0000000000000400 rw !x
signature        0x0000000000840000 0x0000000000000400 rw !x
user_signatures  0x0000000000850000 0x0000000000000400 rw !x
*default*        0x0000000000000000 0xffffffffffffffff

Linker script and memory map

LOAD C:/Program Files (x86)/Atmel/Studio/7.0/Packs/atmel/ATmega_DFP/1.6.364/xc8/avr/lib/avr5/memx-const/crtatmega32.o
LOAD code Layers/HAL/DC_Motor/DC_MOTOR_program.o
LOAD code Layers/HAL/LCD/LCD.o
LOAD code Layers/HAL/LED/LED_program.o
LOAD code Layers/HAL/servo/servo.o
LOAD code Layers/HAL/ULTRASONIC/ultrasonic.o
LOAD code Layers/MCAL/ADC-t/MADC_program.o
LOAD code Layers/MCAL/ADC/ADC_program.o
LOAD code Layers/MCAL/GPIO/GPIO_program.o
LOAD code Layers/MCAL/PWM/PWM_program.o
LOAD code Layers/MCAL/SPI/SPI_program.o
LOAD code Layers/MCAL/timer0/timer.o
LOAD main.o
START GROUP
LOAD c:/program files/microchip/xc8/v2.31/avr/bin/../lib/gcc/avr/5.4.0/../../../../avr/lib/avr5/memx-const\libm.a
END GROUP
START GROUP
LOAD c:/program files/microchip/xc8/v2.31/avr/bin/../lib/gcc/avr/5.4.0/avr5/memx-const\libgcc.a
LOAD c:/program files/microchip/xc8/v2.31/avr/bin/../lib/gcc/avr/5.4.0/../../../../avr/lib/avr5/memx-const\libm.a
LOAD c:/program files/microchip/xc8/v2.31/avr/bin/../lib/gcc/avr/5.4.0/../../../../avr/lib/avr5/memx-const\libc.a
LOAD C:/Program Files (x86)/Atmel/Studio/7.0/Packs/atmel/ATmega_DFP/1.6.364/xc8/avr/lib/avr5/memx-const\libatmega32.a
END GROUP
                0x0000000000000000                __TEXT_REGION_ORIGIN__ = DEFINED (__TEXT_REGION_ORIGIN__)?__TEXT_REGION_ORIGIN__:0x0
                [0x0000000000800060]                __DATA_REGION_ORIGIN__ = DEFINED (__DATA_REGION_ORIGIN__)?__DATA_REGION_ORIGIN__:0x800060
                [0x0000000000008000]                __TEXT_REGION_LENGTH__ = DEFINED (__TEXT_REGION_LENGTH__)?__TEXT_REGION_LENGTH__:0x20000
                [0x0000000000000800]                __DATA_REGION_LENGTH__ = DEFINED (__DATA_REGION_LENGTH__)?__DATA_REGION_LENGTH__:0xffa0
                [0x0000000000000400]                __EEPROM_REGION_LENGTH__ = DEFINED (__EEPROM_REGION_LENGTH__)?__EEPROM_REGION_LENGTH__:0x10000
                [0x0000000000000002]                __FUSE_REGION_LENGTH__ = DEFINED (__FUSE_REGION_LENGTH__)?__FUSE_REGION_LENGTH__:0x400
                0x0000000000000400                __LOCK_REGION_LENGTH__ = DEFINED (__LOCK_REGION_LENGTH__)?__LOCK_REGION_LENGTH__:0x400
                0x0000000000000400                __SIGNATURE_REGION_LENGTH__ = DEFINED (__SIGNATURE_REGION_LENGTH__)?__SIGNATURE_REGION_LENGTH__:0x400
                0x0000000000000400                __USER_SIGNATURE_REGION_LENGTH__ = DEFINED (__USER_SIGNATURE_REGION_LENGTH__)?__USER_SIGNATURE_REGION_LENGTH__:0x400

.hash
 *(.hash)

.dynsym
 *(.dynsym)

.dynstr
 *(.dynstr)

.gnu.version
 *(.gnu.version)

.gnu.version_d
 *(.gnu.version_d)

.gnu.version_r
 *(.gnu.version_r)

.rel.init
 *(.rel.init)

.rela.init
 *(.rela.init)

.rel.text
 *(.rel.text)
 *(.rel.text.*)
 *(.rel.gnu.linkonce.t*)

.rela.text
 *(.rela.text)
 *(.rela.text.*)
 *(.rela.gnu.linkonce.t*)

.rel.fini
 *(.rel.fini)

.rela.fini
 *(.rela.fini)

.rel.rodata
 *(.rel.rodata)
 *(.rel.rodata.*)
 *(.rel.gnu.linkonce.r*)

.rela.rodata
 *(.rela.rodata)
 *(.rela.rodata.*)
 *(.rela.gnu.linkonce.r*)

.rel.data
 *(.rel.data)
 *(.rel.data.*)
 *(.rel.gnu.linkonce.d*)

.rela.data
 *(.rela.data)
 *(.rela.data.*)
 *(.rela.gnu.linkonce.d*)

.rel.ctors
 *(.rel.ctors)

.rela.ctors
 *(.rela.ctors)

.rel.dtors
 *(.rel.dtors)

.rela.dtors
 *(.rela.dtors)

.rel.got
 *(.rel.got)

.rela.got
 *(.rela.got)

.rel.bss
 *(.rel.bss)

.rela.bss
 *(.rela.bss)

.rel.plt
 *(.rel.plt)

.rela.plt
 *(.rela.plt)

.text           0x0000000000000000       0xc0
 *(.vectors)
 .vectors       0x0000000000000000       0x54 C:/Program Files (x86)/Atmel/Studio/7.0/Packs/atmel/ATmega_DFP/1.6.364/xc8/avr/lib/avr5/memx-const/crtatmega32.o
                0x0000000000000000                __vector_default
                0x0000000000000000                __vectors
 *(.vectors)
 *(.progmem.gcc*)
 *(.dinit)
 .dinit         0x0000000000000054       0x18 data_init
                0x000000000000006c                . = ALIGN (0x2)
 *fill*         0x000000000000006c        0x0 
                0x000000000000006c                __trampolines_start = .
 *(.trampolines)
 .trampolines   0x000000000000006c        0x0 linker stubs
 *(.trampolines*)
                0x000000000000006c                __trampolines_end = .
 *libprintf_flt.a:*(.progmem.data)
 *libc.a:*(.progmem.data)
                0x000000000000006c                . = ALIGN (0x2)
 *(.jumptables)
 *(.jumptables*)
 *(.lowtext)
 *(.lowtext*)
                0x000000000000006c                __ctors_start = .
 *(.ctors)
                0x000000000000006c                __ctors_end = .
                0x000000000000006c                __dtors_start = .
 *(.dtors)
                0x000000000000006c                __dtors_end = .
 SORT(*)(.ctors)
 SORT(*)(.dtors)
 *(.init0)
 .init0         0x000000000000006c        0x0 C:/Program Files (x86)/Atmel/Studio/7.0/Packs/atmel/ATmega_DFP/1.6.364/xc8/avr/lib/avr5/memx-const/crtatmega32.o
                0x000000000000006c                __init
 *(.init0)
 *(.init1)
 *(.init1)
 *(.init2)
 .init2         0x000000000000006c        0xc C:/Program Files (x86)/Atmel/Studio/7.0/Packs/atmel/ATmega_DFP/1.6.364/xc8/avr/lib/avr5/memx-const/crtatmega32.o
 *(.init2)
 *(.init3)
 *(.init3)
 *(.init4)
 .init4         0x0000000000000078       0x3c c:/program files/microchip/xc8/v2.31/avr/bin/../lib/gcc/avr/5.4.0/avr5/memx-const\libgcc.a(_copy_data.o)
                0x0000000000000078                __do_copy_data
                0x00000000000000a6                __do_clear_bss
 *(.init4)
 *(.init5)
 *(.init5)
 *(.init6)
 *(.init6)
 *(.init7)
 *(.init7)
 *(.init8)
 *(.init8)
 *(.init9)
 .init9         0x00000000000000b4        0x8 C:/Program Files (x86)/Atmel/Studio/7.0/Packs/atmel/ATmega_DFP/1.6.364/xc8/avr/lib/avr5/memx-const/crtatmega32.o
 *(.init9)
                0x00000000000000bc                . = ALIGN (0x2)
 *(.fini9)
 .fini9         0x00000000000000bc        0x0 c:/program files/microchip/xc8/v2.31/avr/bin/../lib/gcc/avr/5.4.0/avr5/memx-const\libgcc.a(_exit.o)
                0x00000000000000bc                _exit
                0x00000000000000bc                exit
 *(.fini9)
 *(.fini8)
 *(.fini8)
 *(.fini7)
 *(.fini7)
 *(.fini6)
 *(.fini6)
 *(.fini5)
 *(.fini5)
 *(.fini4)
 *(.fini4)
 *(.fini3)
 *(.fini3)
 *(.fini2)
 *(.fini2)
 *(.fini1)
 *(.fini1)
 *(.fini0)
 .fini0         0x00000000000000bc        0x4 c:/program files/microchip/xc8/v2.31/avr/bin/../lib/gcc/avr/5.4.0/avr5/memx-const\libgcc.a(_exit.o)
 *(.fini0)
                0x00000000000000c0                _etext = .

.data           0x0000000000800060        0x0 load address 0x00000000000000c0
                [!provide]                        PROVIDE (__data_start, .)
 *(.gnu.linkonce.d*)
 *(.gnu.linkonce.r*)
                0x0000000000800060                . = ALIGN (0x2)
                0x0000000000800060                _edata = .
                [!provide]                        PROVIDE (__data_end, .)

.bss            0x0000000000800060       0x12
                [!provide]                        PROVIDE (__bss_start, .)
 *(COMMON)
 COMMON         0x0000000000800060       0x12 code Layers/HAL/ULTRASONIC/ultrasonic.o
                0x0000000000800060                distance
                0x0000000000800064                distance_str
                0x000000000080006e                check_distance
                [!provide]                        PROVIDE (__bss_end, .)
                0x00000000000000c0                __data_load_start = LOADADDR (.data)
                0x00000000000000c0                __data_load_end = (__data_load_start + SIZEOF (.data))

.noinit         0x0000000000800072        0x0
                [!provide]                        PROVIDE (__noinit_start, .)
 *(.noinit*)
                [!provide]                        PROVIDE (__noinit_end, .)
                0x0000000000800072                _end = .

.eeprom         0x0000000000810000        0x0
 *(.eeprom*)
                0x0000000000810000                __eeprom_end = .

.fuse
 *(.fuse)
 *(.lfuse)
 *(.hfuse)
 *(.efuse)

.lock
 *(.lock*)

.signature
 *(.signature*)

.user_signatures
 *(.user_signatures*)

.stab
 *(.stab)

.stabstr
 *(.stabstr)

.stab.excl
 *(.stab.excl)

.stab.exclstr
 *(.stab.exclstr)

.stab.index
 *(.stab.index)

.stab.indexstr
 *(.stab.indexstr)

.comment        0x0000000000000000       0x2f
 *(.comment)
 .comment       0x0000000000000000       0x2f code Layers/HAL/DC_Motor/DC_MOTOR_program.o
                                         0x30 (size before relaxing)
 .comment       0x000000000000002f       0x30 code Layers/HAL/LCD/LCD.o
 .comment       0x000000000000002f       0x30 code Layers/HAL/LED/LED_program.o
 .comment       0x000000000000002f       0x30 code Layers/HAL/servo/servo.o
 .comment       0x000000000000002f       0x30 code Layers/HAL/ULTRASONIC/ultrasonic.o
 .comment       0x000000000000002f       0x30 code Layers/MCAL/GPIO/GPIO_program.o
 .comment       0x000000000000002f       0x30 code Layers/MCAL/PWM/PWM_program.o
 .comment       0x000000000000002f       0x30 code Layers/MCAL/SPI/SPI_program.o
 .comment       0x000000000000002f       0x30 code Layers/MCAL/timer0/timer.o
 .comment       0x000000000000002f       0x30 main.o

.note.gnu.build-id
 *(.note.gnu.build-id)

.debug
 *(.debug)

.line
 *(.line)

.debug_srcinfo
 *(.debug_srcinfo)

.debug_sfnames
 *(.debug_sfnames)

.debug_aranges  0x0000000000000000      0x228
 *(.debug_aranges)
 .debug_aranges
                0x0000000000000000       0x40 code Layers/HAL/DC_Motor/DC_MOTOR_program.o
 .debug_aranges
                0x0000000000000040       0x48 code Layers/HAL/LCD/LCD.o
 .debug_aranges
                0x0000000000000088       0x38 code Layers/HAL/LED/LED_program.o
 .debug_aranges
                0x00000000000000c0       0x28 code Layers/HAL/servo/servo.o
 .debug_aranges
                0x00000000000000e8       0x40 code Layers/HAL/ULTRASONIC/ultrasonic.o
 .debug_aranges
                0x0000000000000128       0x58 code Layers/MCAL/GPIO/GPIO_program.o
 .debug_aranges
                0x0000000000000180       0x38 code Layers/MCAL/PWM/PWM_program.o
 .debug_aranges
                0x00000000000001b8       0x28 code Layers/MCAL/SPI/SPI_program.o
 .debug_aranges
                0x00000000000001e0       0x20 code Layers/MCAL/timer0/timer.o
 .debug_aranges
                0x0000000000000200       0x28 main.o

.debug_pubnames
 *(.debug_pubnames)

.debug_info     0x0000000000000000     0x33a6
 *(.debug_info .gnu.linkonce.wi.*)
 .debug_info    0x0000000000000000      0x4e6 C:/Program Files (x86)/Atmel/Studio/7.0/Packs/atmel/ATmega_DFP/1.6.364/xc8/avr/lib/avr5/memx-const/crtatmega32.o
 .debug_info    0x00000000000004e6      0x55d code Layers/HAL/DC_Motor/DC_MOTOR_program.o
 .debug_info    0x0000000000000a43      0x7e6 code Layers/HAL/LCD/LCD.o
 .debug_info    0x0000000000001229      0x41e code Layers/HAL/LED/LED_program.o
 .debug_info    0x0000000000001647      0x2ec code Layers/HAL/servo/servo.o
 .debug_info    0x0000000000001933      0x4a6 code Layers/HAL/ULTRASONIC/ultrasonic.o
 .debug_info    0x0000000000001dd9      0x4ce code Layers/MCAL/GPIO/GPIO_program.o
 .debug_info    0x00000000000022a7      0x3a8 code Layers/MCAL/PWM/PWM_program.o
 .debug_info    0x000000000000264f      0x368 code Layers/MCAL/SPI/SPI_program.o
 .debug_info    0x00000000000029b7      0x281 code Layers/MCAL/timer0/timer.o
 .debug_info    0x0000000000002c38      0x76e main.o

.debug_abbrev   0x0000000000000000      0xd49
 *(.debug_abbrev)
 .debug_abbrev  0x0000000000000000      0x4a3 C:/Program Files (x86)/Atmel/Studio/7.0/Packs/atmel/ATmega_DFP/1.6.364/xc8/avr/lib/avr5/memx-const/crtatmega32.o
 .debug_abbrev  0x00000000000004a3       0xe4 code Layers/HAL/DC_Motor/DC_MOTOR_program.o
 .debug_abbrev  0x0000000000000587      0x188 code Layers/HAL/LCD/LCD.o
 .debug_abbrev  0x000000000000070f       0xe4 code Layers/HAL/LED/LED_program.o
 .debug_abbrev  0x00000000000007f3       0x6f code Layers/HAL/servo/servo.o
 .debug_abbrev  0x0000000000000862      0x136 code Layers/HAL/ULTRASONIC/ultrasonic.o
 .debug_abbrev  0x0000000000000998       0xb8 code Layers/MCAL/GPIO/GPIO_program.o
 .debug_abbrev  0x0000000000000a50       0x80 code Layers/MCAL/PWM/PWM_program.o
 .debug_abbrev  0x0000000000000ad0       0x98 code Layers/MCAL/SPI/SPI_program.o
 .debug_abbrev  0x0000000000000b68       0x46 code Layers/MCAL/timer0/timer.o
 .debug_abbrev  0x0000000000000bae      0x19b main.o

.debug_line     0x0000000000000000     0x1387
 *(.debug_line .debug_line.* .debug_line_end)
 .debug_line    0x0000000000000000      0x119 C:/Program Files (x86)/Atmel/Studio/7.0/Packs/atmel/ATmega_DFP/1.6.364/xc8/avr/lib/avr5/memx-const/crtatmega32.o
 .debug_line    0x0000000000000119      0x21e code Layers/HAL/DC_Motor/DC_MOTOR_program.o
 .debug_line    0x0000000000000337      0x2a4 code Layers/HAL/LCD/LCD.o
 .debug_line    0x00000000000005db      0x1a4 code Layers/HAL/LED/LED_program.o
 .debug_line    0x000000000000077f       0xc9 code Layers/HAL/servo/servo.o
 .debug_line    0x0000000000000848      0x20d code Layers/HAL/ULTRASONIC/ultrasonic.o
 .debug_line    0x0000000000000a55      0x2f7 code Layers/MCAL/GPIO/GPIO_program.o
 .debug_line    0x0000000000000d4c      0x15e code Layers/MCAL/PWM/PWM_program.o
 .debug_line    0x0000000000000eaa      0x104 code Layers/MCAL/SPI/SPI_program.o
 .debug_line    0x0000000000000fae       0xa9 code Layers/MCAL/timer0/timer.o
 .debug_line    0x0000000000001057      0x330 main.o

.debug_frame    0x0000000000000000      0x40c
 *(.debug_frame)
 .debug_frame   0x0000000000000000       0xac code Layers/HAL/DC_Motor/DC_MOTOR_program.o
 .debug_frame   0x00000000000000ac       0x88 code Layers/HAL/LCD/LCD.o
 .debug_frame   0x0000000000000134       0x60 code Layers/HAL/LED/LED_program.o
 .debug_frame   0x0000000000000194       0x34 code Layers/HAL/servo/servo.o
 .debug_frame   0x00000000000001c8       0xd0 code Layers/HAL/ULTRASONIC/ultrasonic.o
 .debug_frame   0x0000000000000298       0x94 code Layers/MCAL/GPIO/GPIO_program.o
 .debug_frame   0x000000000000032c       0x54 code Layers/MCAL/PWM/PWM_program.o
 .debug_frame   0x0000000000000380       0x34 code Layers/MCAL/SPI/SPI_program.o
 .debug_frame   0x00000000000003b4       0x24 code Layers/MCAL/timer0/timer.o
 .debug_frame   0x00000000000003d8       0x34 main.o

.debug_str      0x0000000000000000      0x338
 *(.debug_str)
 .debug_str     0x0000000000000000      0x196 C:/Program Files (x86)/Atmel/Studio/7.0/Packs/atmel/ATmega_DFP/1.6.364/xc8/avr/lib/avr5/memx-const/crtatmega32.o
 .debug_str     0x0000000000000196       0x41 code Layers/HAL/DC_Motor/DC_MOTOR_program.o
 .debug_str     0x00000000000001d7       0x26 code Layers/HAL/LCD/LCD.o
 .debug_str     0x00000000000001fd       0x23 code Layers/HAL/LED/LED_program.o
 .debug_str     0x0000000000000220        0x0 code Layers/HAL/servo/servo.o
 .debug_str     0x0000000000000220        0xc code Layers/HAL/ULTRASONIC/ultrasonic.o
 .debug_str     0x000000000000022c        0xf code Layers/MCAL/GPIO/GPIO_program.o
 .debug_str     0x000000000000023b       0x10 code Layers/MCAL/PWM/PWM_program.o
 .debug_str     0x000000000000024b       0x10 code Layers/MCAL/SPI/SPI_program.o
 .debug_str     0x000000000000025b        0x0 code Layers/MCAL/timer0/timer.o
 .debug_str     0x000000000000025b       0xdd main.o

.debug_loc      0x0000000000000000      0xf3f
 *(.debug_loc)
 .debug_loc     0x0000000000000000      0x2a4 code Layers/HAL/DC_Motor/DC_MOTOR_program.o
 .debug_loc     0x00000000000002a4      0x4e2 code Layers/HAL/LCD/LCD.o
 .debug_loc     0x0000000000000786      0x117 code Layers/HAL/LED/LED_program.o
 .debug_loc     0x000000000000089d      0x180 code Layers/HAL/ULTRASONIC/ultrasonic.o
 .debug_loc     0x0000000000000a1d      0x482 code Layers/MCAL/GPIO/GPIO_program.o
 .debug_loc     0x0000000000000e9f       0xa0 main.o

.debug_macinfo
 *(.debug_macinfo)

.debug_weaknames
 *(.debug_weaknames)

.debug_funcnames
 *(.debug_funcnames)

.debug_typenames
 *(.debug_typenames)

.debug_varnames
 *(.debug_varnames)

.debug_pubtypes
 *(.debug_pubtypes)

.debug_ranges   0x0000000000000000      0x188
 *(.debug_ranges)
 .debug_ranges  0x0000000000000000       0x30 code Layers/HAL/DC_Motor/DC_MOTOR_program.o
 .debug_ranges  0x0000000000000030       0x38 code Layers/HAL/LCD/LCD.o
 .debug_ranges  0x0000000000000068       0x28 code Layers/HAL/LED/LED_program.o
 .debug_ranges  0x0000000000000090       0x18 code Layers/HAL/servo/servo.o
 .debug_ranges  0x00000000000000a8       0x30 code Layers/HAL/ULTRASONIC/ultrasonic.o
 .debug_ranges  0x00000000000000d8       0x48 code Layers/MCAL/GPIO/GPIO_program.o
 .debug_ranges  0x0000000000000120       0x28 code Layers/MCAL/PWM/PWM_program.o
 .debug_ranges  0x0000000000000148       0x18 code Layers/MCAL/SPI/SPI_program.o
 .debug_ranges  0x0000000000000160       0x10 code Layers/MCAL/timer0/timer.o
 .debug_ranges  0x0000000000000170       0x18 main.o

.debug_macro
 *(.debug_macro)
OUTPUT(FirstProject.elf elf32-avr)
LOAD linker stubs
LOAD data_init

.note.gnu.avr.deviceinfo
                0x0000000000000000       0x3c
 .note.gnu.avr.deviceinfo
                0x0000000000000000       0x3c C:/Program Files (x86)/Atmel/Studio/7.0/Packs/atmel/ATmega_DFP/1.6.364/xc8/avr/lib/avr5/memx-const/crtatmega32.o

.bss.timer_counter
                0x0000000000800072        0x4
 .bss.timer_counter
                0x0000000000800072        0x4 code Layers/HAL/ULTRASONIC/ultrasonic.o
                0x0000000000800072                timer_counter

.bss.rising_edge
                0x0000000000800078        0x1
 .bss.rising_edge
                0x0000000000800078        0x1 code Layers/HAL/ULTRASONIC/ultrasonic.o
                0x0000000000800078                rising_edge

.bss.sensor_working
                0x0000000000800079        0x1
 .bss.sensor_working
                0x0000000000800079        0x1 code Layers/HAL/ULTRASONIC/ultrasonic.o
                0x0000000000800079                sensor_working

.text.main      0x00000000000000c0      0x18a
 .text.main     0x00000000000000c0      0x18a main.o
                0x00000000000000c0                main

.text.SetPinDirection
                0x000000000000024a       0xec
 .text.SetPinDirection
                0x000000000000024a       0xec code Layers/MCAL/GPIO/GPIO_program.o
                0x000000000000024a                SetPinDirection

.text.__vector_2
                0x0000000000000336       0xea
 .text.__vector_2
                0x0000000000000336       0xea code Layers/HAL/ULTRASONIC/ultrasonic.o
                0x0000000000000336                __vector_2

.text.avrlibc.fplib
                0x0000000000000420       0xd4
 .text.avrlibc.fplib
                0x0000000000000420       0xd4 c:/program files/microchip/xc8/v2.31/avr/bin/../lib/gcc/avr/5.4.0/../../../../avr/lib/avr5/memx-const\libm.a(mulsf3x.o)
                0x0000000000000420                __mulsf3x
                0x0000000000000446                __mulsf3_pse

.text.avrlibc.fplib
                0x00000000000004f4       0xce
 .text.avrlibc.fplib
                0x00000000000004f4       0xce c:/program files/microchip/xc8/v2.31/avr/bin/../lib/gcc/avr/5.4.0/../../../../avr/lib/avr5/memx-const\libm.a(addsf3x.o)
                0x00000000000004f4                __addsf3x

.text.avrlibc.fplib
                0x00000000000005c2       0x7a
 .text.avrlibc.fplib
                0x00000000000005c2       0x7a c:/program files/microchip/xc8/v2.31/avr/bin/../lib/gcc/avr/5.4.0/../../../../avr/lib/avr5/memx-const\libm.a(floatsisf.o)
                0x00000000000005c2                __floatunsisf
                0x00000000000005c6                __floatsisf

.text.ClearPin  0x000000000000063c       0x78
 .text.ClearPin
                0x000000000000063c       0x78 code Layers/MCAL/GPIO/GPIO_program.o
                0x000000000000063c                ClearPin

.text.__vector_11
                0x00000000000006b4       0x72
 .text.__vector_11
                0x00000000000006b4       0x72 code Layers/HAL/ULTRASONIC/ultrasonic.o
                0x00000000000006b4                __vector_11

.text.SetPin    0x0000000000000726       0x70
 .text.SetPin   0x0000000000000726       0x70 code Layers/MCAL/GPIO/GPIO_program.o
                0x0000000000000726                SetPin

.text.lcd_send_command
                0x0000000000000796       0x60
 .text.lcd_send_command
                0x0000000000000796       0x60 code Layers/HAL/LCD/LCD.o
                0x0000000000000796                lcd_send_command

.text.lcd_init  0x00000000000007f6       0x5e
 .text.lcd_init
                0x00000000000007f6       0x5e code Layers/HAL/LCD/LCD.o
                0x00000000000007f6                lcd_init

.text.avrlibc.fplib
                0x0000000000000854       0x5e
 .text.avrlibc.fplib
                0x0000000000000854       0x5e c:/program files/microchip/xc8/v2.31/avr/bin/../lib/gcc/avr/5.4.0/../../../../avr/lib/avr5/memx-const\libm.a(fixunssfsi.o)
                0x0000000000000854                __fixunssfsi

.text.DC_motor_intialize
                0x00000000000008b2       0x4a
 .text.DC_motor_intialize
                0x00000000000008b2       0x4a code Layers/HAL/DC_Motor/DC_MOTOR_program.o
                0x00000000000008b2                DC_motor_intialize

.text.avrlibc.fplib
                0x00000000000008fc       0x48
 .text.avrlibc.fplib
                0x00000000000008fc       0x48 c:/program files/microchip/xc8/v2.31/avr/bin/../lib/gcc/avr/5.4.0/../../../../avr/lib/avr5/memx-const\libm.a(fp_cmp.o)
                0x00000000000008fc                __fp_cmp

.text.Led_Initialize
                0x0000000000000944       0x44
 .text.Led_Initialize
                0x0000000000000944       0x44 code Layers/HAL/LED/LED_program.o
                0x0000000000000944                Led_Initialize

.text.avrlibc.fplib
                0x0000000000000988       0x44
 .text.avrlibc.fplib
                0x0000000000000988       0x44 c:/program files/microchip/xc8/v2.31/avr/bin/../lib/gcc/avr/5.4.0/../../../../avr/lib/avr5/memx-const\libm.a(fp_split3.o)
                0x0000000000000988                __fp_split3
                0x0000000000000998                __fp_splitA

.text.libgcc.div
                0x00000000000009cc       0x44
 .text.libgcc.div
                0x00000000000009cc       0x44 c:/program files/microchip/xc8/v2.31/avr/bin/../lib/gcc/avr/5.4.0/avr5/memx-const\libgcc.a(_udivmodsi4.o)
                0x00000000000009cc                __udivmodsi4

.text.DC_motor_forward
                0x0000000000000a10       0x40
 .text.DC_motor_forward
                0x0000000000000a10       0x40 code Layers/HAL/DC_Motor/DC_MOTOR_program.o
                0x0000000000000a10                DC_motor_forward

.text.PWM_Timer2_INIT
                0x0000000000000a50       0x38
 .text.PWM_Timer2_INIT
                0x0000000000000a50       0x38 code Layers/MCAL/PWM/PWM_program.o
                0x0000000000000a50                PWM_Timer2_INIT

.text.SPI_SlaveInit
                0x0000000000000a88       0x2e
 .text.SPI_SlaveInit
                0x0000000000000a88       0x2e code Layers/MCAL/SPI/SPI_program.o
                0x0000000000000a88                SPI_SlaveInit

.text.app_initialize
                0x0000000000000ab6       0x2e
 .text.app_initialize
                0x0000000000000ab6       0x2e main.o
                0x0000000000000ab6                app_initialize

.text.Led_TurnON
                0x0000000000000ae4       0x2c
 .text.Led_TurnON
                0x0000000000000ae4       0x2c code Layers/HAL/LED/LED_program.o
                0x0000000000000ae4                Led_TurnON

.text.Led_TurnOFF
                0x0000000000000b10       0x2c
 .text.Led_TurnOFF
                0x0000000000000b10       0x2c code Layers/HAL/LED/LED_program.o
                0x0000000000000b10                Led_TurnOFF

.text.DC_motor_stop
                0x0000000000000b3c       0x2a
 .text.DC_motor_stop
                0x0000000000000b3c       0x2a code Layers/HAL/DC_Motor/DC_MOTOR_program.o
                0x0000000000000b3c                DC_motor_stop

.text.Servo_Motor_Init
                0x0000000000000b66       0x28
 .text.Servo_Motor_Init
                0x0000000000000b66       0x28 code Layers/HAL/servo/servo.o
                0x0000000000000b66                Servo_Motor_Init

.text.ultra_triger
                0x0000000000000b8e       0x22
 .text.ultra_triger
                0x0000000000000b8e       0x22 code Layers/HAL/ULTRASONIC/ultrasonic.o
                0x0000000000000b8e                ultra_triger

.text.avrlibc.fplib
                0x0000000000000bb0       0x22
 .text.avrlibc.fplib
                0x0000000000000bb0       0x22 c:/program files/microchip/xc8/v2.31/avr/bin/../lib/gcc/avr/5.4.0/../../../../avr/lib/avr5/memx-const\libm.a(fp_round.o)
                0x0000000000000bb0                __fp_round

.text.ultrasonic_init
                0x0000000000000bd2       0x1c
 .text.ultrasonic_init
                0x0000000000000bd2       0x1c code Layers/HAL/ULTRASONIC/ultrasonic.o
                0x0000000000000bd2                ultrasonic_init

.text.timer0_init
                0x0000000000000bee       0x10
 .text.timer0_init
                0x0000000000000bee       0x10 code Layers/MCAL/timer0/timer.o
                0x0000000000000bee                timer0_init

.text.enable_ex_interrupt
                0x0000000000000bfe        0xe
 .text.enable_ex_interrupt
                0x0000000000000bfe        0xe code Layers/HAL/ULTRASONIC/ultrasonic.o
                0x0000000000000bfe                enable_ex_interrupt

.text.avrlibc.fplib
                0x0000000000000c0c        0xe
 .text.avrlibc.fplib
                0x0000000000000c0c        0xe c:/program files/microchip/xc8/v2.31/avr/bin/../lib/gcc/avr/5.4.0/../../../../avr/lib/avr5/memx-const\libm.a(addsf3.o)
                0x0000000000000c0c                __subsf3
                0x0000000000000c0e                __addsf3

.text.avrlibc.fplib
                0x0000000000000c1a        0xe
 .text.avrlibc.fplib
                0x0000000000000c1a        0xe c:/program files/microchip/xc8/v2.31/avr/bin/../lib/gcc/avr/5.4.0/../../../../avr/lib/avr5/memx-const\libm.a(fp_pscA.o)
                0x0000000000000c1a                __fp_pscA

.text.avrlibc.fplib
                0x0000000000000c28        0xe
 .text.avrlibc.fplib
                0x0000000000000c28        0xe c:/program files/microchip/xc8/v2.31/avr/bin/../lib/gcc/avr/5.4.0/../../../../avr/lib/avr5/memx-const\libm.a(fp_pscB.o)
                0x0000000000000c28                __fp_pscB

.text.avrlibc.fplib
                0x0000000000000c36        0xe
 .text.avrlibc.fplib
                0x0000000000000c36        0xe c:/program files/microchip/xc8/v2.31/avr/bin/../lib/gcc/avr/5.4.0/../../../../avr/lib/avr5/memx-const\libm.a(fp_zero.o)
                0x0000000000000c36                __fp_zero
                0x0000000000000c38                __fp_szero

.text.avrlibc.fplib
                0x0000000000000c44        0xc
 .text.avrlibc.fplib
                0x0000000000000c44        0xc c:/program files/microchip/xc8/v2.31/avr/bin/../lib/gcc/avr/5.4.0/../../../../avr/lib/avr5/memx-const\libm.a(fp_inf.o)
                0x0000000000000c44                __fp_inf

.text.avrlibc.fplib
                0x0000000000000c50        0xa
 .text.avrlibc.fplib
                0x0000000000000c50        0xa c:/program files/microchip/xc8/v2.31/avr/bin/../lib/gcc/avr/5.4.0/../../../../avr/lib/avr5/memx-const\libm.a(cmpsf2.o)
                0x0000000000000c50                __nesf2
                0x0000000000000c50                __eqsf2
                0x0000000000000c50                __cmpsf2
                0x0000000000000c50                __ltsf2
                0x0000000000000c50                __lesf2

.text.avrlibc.fplib
                0x0000000000000c5a        0xa
 .text.avrlibc.fplib
                0x0000000000000c5a        0xa c:/program files/microchip/xc8/v2.31/avr/bin/../lib/gcc/avr/5.4.0/../../../../avr/lib/avr5/memx-const\libm.a(gesf2.o)
                0x0000000000000c5a                __gesf2
                0x0000000000000c5a                __gtsf2

.text.SPI_SlaveReceive
                0x0000000000000c64        0x8
 .text.SPI_SlaveReceive
                0x0000000000000c64        0x8 code Layers/MCAL/SPI/SPI_program.o
                0x0000000000000c64                SPI_SlaveReceive

.text.avrlibc.fplib
                0x0000000000000c6c        0x8
 .text.avrlibc.fplib
                0x0000000000000c6c        0x8 c:/program files/microchip/xc8/v2.31/avr/bin/../lib/gcc/avr/5.4.0/../../../../avr/lib/avr5/memx-const\libm.a(mulsf3.o)
                0x0000000000000c6c                __mulsf3

.text.Servo_Motor_GetAngle
                0x0000000000000c74        0x6
 .text.Servo_Motor_GetAngle
                0x0000000000000c74        0x6 code Layers/HAL/servo/servo.o
                0x0000000000000c74                Servo_Motor_GetAngle

.text.avrlibc.fplib
                0x0000000000000c7a        0x6
 .text.avrlibc.fplib
                0x0000000000000c7a        0x6 c:/program files/microchip/xc8/v2.31/avr/bin/../lib/gcc/avr/5.4.0/../../../../avr/lib/avr5/memx-const\libm.a(fp_nan.o)
                0x0000000000000c7a                __fp_nan

.text           0x0000000000000c80        0x4
 .text          0x0000000000000c80        0x4 C:/Program Files (x86)/Atmel/Studio/7.0/Packs/atmel/ATmega_DFP/1.6.364/xc8/avr/lib/avr5/memx-const/crtatmega32.o
                0x0000000000000c80                __vector_1
                0x0000000000000c80                __vector_12
                0x0000000000000c80                __bad_interrupt
                0x0000000000000c80                __vector_6
                0x0000000000000c80                __vector_3
                0x0000000000000c80                __vector_13
                0x0000000000000c80                __vector_17
                0x0000000000000c80                __vector_19
                0x0000000000000c80                __vector_7
                0x0000000000000c80                __vector_5
                0x0000000000000c80                __vector_4
                0x0000000000000c80                __vector_9
                0x0000000000000c80                __vector_15
                0x0000000000000c80                __vector_8
                0x0000000000000c80                __vector_14
                0x0000000000000c80                __vector_10
                0x0000000000000c80                __vector_16
                0x0000000000000c80                __vector_18
                0x0000000000000c80                __vector_20

.text.PWM_Timer2_Analog_write
                0x0000000000000c84        0x4
 .text.PWM_Timer2_Analog_write
                0x0000000000000c84        0x4 code Layers/MCAL/PWM/PWM_program.o
                0x0000000000000c84                PWM_Timer2_Analog_write

.data.motor1    0x0000000000800076        0x2 load address 0x0000000000000c88
 .data.motor1   0x0000000000800076        0x2 main.o
                0x0000000000800076                motor1

.data.led3      0x000000000080007a        0x1 load address 0x0000000000000c8a
 .data.led3     0x000000000080007a        0x1 main.o
                0x000000000080007a                led3

.data.led2      0x000000000080007b        0x1 load address 0x0000000000000c8b
 .data.led2     0x000000000080007b        0x1 main.o
                0x000000000080007b                led2
